pair: CartPole -> InvertedCartPole, 50 rollouts each, seed 2, value_pi_source=stationary
[expert CartPole] final train return 200.0
[expert InvertedCartPole] final train return 200.0
F:\Projects\COINRL\rl.py:4101: UserWarning: Converting a tensor with requires_grad=True to a scalar may lead to unexpected behavior.
Consider using tensor.detach() first. (Triggered internally at C:\actions-runner\_work\pytorch\pytorch\pytorch\torch\csrc\autograd\generated\python_variable_methods.cpp:837.)
  if not torch.isfinite(total) or float(total) <= 0.0:
[inject] rollout 0: head 0 <- CartPole expert
[  0] task=CartPole        z_mc=+1.140 z_flat=+1.131 gap=0.009 K=1 vsteps=32 ret=15.7
[inject] rollout 1: head 1 <- CartPole expert
[inject] rollout 2: head 2 <- CartPole expert
[ 10] task=CartPole        z_mc=+1.250 z_flat=+1.243 gap=0.007 K=3 vsteps=8 ret=200.0
[ 20] task=CartPole        z_mc=+0.958 z_flat=+0.952 gap=0.007 K=3 vsteps=8 ret=200.0
[ 30] task=CartPole        z_mc=+0.714 z_flat=+0.708 gap=0.005 K=3 vsteps=8 ret=200.0
[ 40] task=CartPole        z_mc=+0.523 z_flat=+0.519 gap=0.004 K=3 vsteps=8 ret=200.0
[ 50] task=InvertedCartPole z_mc=+0.228 z_flat=+0.228 gap=0.000 K=3 vsteps=21 ret=84.0
[ 60] task=InvertedCartPole z_mc=+0.995 z_flat=+0.996 gap=0.002 K=3 vsteps=16 ret=101.1
[inject] rollout 62: head 3 <- InvertedCartPole expert
[inject] rollout 62: head 4 <- InvertedCartPole expert
[inject] rollout 63: head 5 <- InvertedCartPole expert
[inject] rollout 68: head 6 <- InvertedCartPole expert
[ 70] task=InvertedCartPole z_mc=+0.125 z_flat=+0.126 gap=0.002 K=7 vsteps=17 ret=109.5
[inject] rollout 73: head 7 <- InvertedCartPole expert
[inject] rollout 73: head 8 <- InvertedCartPole expert
[inject] rollout 74: head 9 <- InvertedCartPole expert
[ 80] task=InvertedCartPole z_mc=-0.388 z_flat=-0.390 gap=0.001 K=10 vsteps=8 ret=200.0
[ 90] task=InvertedCartPole z_mc=-0.894 z_flat=-0.897 gap=0.003 K=10 vsteps=8 ret=200.0
[eval] CartPole        : return    76.1  head 9 (w=0.98)
[eval] InvertedCartPole: return   200.0  head 9 (w=0.99)

gap at FlatMC arrival: 0.003   gap at end: 0.003   pooled probe sd: 0.002   d-prime end: 1.4
K final: 10   value steps/rollout (FlatMC block): 12.6
FAIL - divergence gate: gap_end > max(3*pooled_sd, gap_start+0.2)
FAIL - eval-separation gate: distinct dominant heads under z-marginal eval
